#-----------------------------------------------------------
# Vivado v2019.2 (64-bit)
# SW Build 2708876 on Wed Nov  6 21:40:23 MST 2019
# IP Build 2700528 on Thu Nov  7 00:09:20 MST 2019
# Start of session at: Tue Jul 26 10:08:17 2022
# Process ID: 14552
# Current directory: H:/xilinx/lly/hdmi
# Command line: vivado.exe -gui_launcher_event rodinguilauncherevent5036 H:\xilinx\lly\hdmi\hdmi.xpr
# Log file: H:/xilinx/lly/hdmi/vivado.log
# Journal file: H:/xilinx/lly/hdmi\vivado.jou
#-----------------------------------------------------------
start_gui
open_project H:/xilinx/lly/hdmi/hdmi.xpr
update_compile_order -fileset sources_1
generate_target all [get_files H:/xilinx/lly/hdmi/hdmi.srcs/sources_1/ip/rgb2dvi_0/rgb2dvi_0.xci]
create_ip_run [get_files -of_objects [get_fileset sources_1] H:/xilinx/lly/hdmi/hdmi.srcs/sources_1/ip/rgb2dvi_0/rgb2dvi_0.xci]
generate_target all [get_files H:/xilinx/lly/hdmi/hdmi.srcs/sources_1/ip/clk_wiz_0/clk_wiz_0.xci]
create_ip_run [get_files -of_objects [get_fileset sources_1] H:/xilinx/lly/hdmi/hdmi.srcs/sources_1/ip/clk_wiz_0/clk_wiz_0.xci]
launch_runs rgb2dvi_0_synth_1
wait_on_run rgb2dvi_0_synth_1
launch_runs clk_wiz_0_synth_1
wait_on_run clk_wiz_0_synth_1
synth_design -rtl -name rtl_1
set_property package_pin "" [get_ports [list  TMDS_CLK_p]]
set_property package_pin "" [get_ports [list  {TMDS_DATA_p[2]}]]
place_ports TMDS_CLK_p F19
place_ports clk N18
place_ports {TMDS_DATA_p[2]} B19
place_ports {TMDS_DATA_p[1]} C20
place_ports {TMDS_DATA_p[0]} D19
set_property IOSTANDARD LVCMOS33 [get_ports [list clk]]
set_property IOSTANDARD TMDS_33 [get_ports [list {TMDS_DATA_p[2]}]]
set_property target_constrs_file H:/xilinx/lly/hdmi/hdmi.srcs/constrs_1/new/hdmi_co.xdc [current_fileset -constrset]
save_constraints -force
launch_runs synth_1 -jobs 4
wait_on_run synth_1
launch_runs impl_1 -jobs 4
wait_on_run impl_1
launch_runs impl_1 -to_step write_bitstream -jobs 4
wait_on_run impl_1
reset_run impl_1 -prev_step 
launch_runs impl_1 -to_step write_bitstream -jobs 4
wait_on_run impl_1
open_hw_manager
connect_hw_server -allow_non_jtag
open_hw_target
set_property PROGRAM.FILE {H:/xilinx/lly/hdmi/hdmi.runs/impl_1/top.bit} [get_hw_devices xc7z010_1]
current_hw_device [get_hw_devices xc7z010_1]
refresh_hw_device -update_hw_probes false [lindex [get_hw_devices xc7z010_1] 0]
set_property PROBES.FILE {} [get_hw_devices xc7z010_1]
set_property FULL_PROBES.FILE {} [get_hw_devices xc7z010_1]
set_property PROGRAM.FILE {H:/xilinx/lly/hdmi/hdmi.runs/impl_1/top.bit} [get_hw_devices xc7z010_1]
program_hw_devices [get_hw_devices xc7z010_1]
refresh_hw_device [lindex [get_hw_devices xc7z010_1] 0]
