Copyright 1986-2019 Xilinx, Inc. All Rights Reserved.
--------------------------------------------------------------------------------------------------------------------------------------------------------------------------
| Tool Version : Vivado v.2019.1 (win64) Build 2552052 Fri May 24 14:49:42 MDT 2019
| Date         : Wed Jul 27 13:55:41 2022
| Host         : LAPTOP-FQ40HM1E running 64-bit major release  (build 9200)
| Command      : report_methodology -file ZYNQ_wrapper_methodology_drc_routed.rpt -pb ZYNQ_wrapper_methodology_drc_routed.pb -rpx ZYNQ_wrapper_methodology_drc_routed.rpx
| Design       : ZYNQ_wrapper
| Device       : xc7z010clg400-1
| Speed File   : -1
| Design State : Fully Routed
--------------------------------------------------------------------------------------------------------------------------------------------------------------------------

Report Methodology

Table of Contents
-----------------
1. REPORT SUMMARY
2. REPORT DETAILS

1. REPORT SUMMARY
-----------------
            Netlist: netlist
          Floorplan: design_1
      Design limits: <entire design considered>
             Max violations: <unlimited>
             Violations found: 2
+-----------+----------+-------------------------------+------------+
| Rule      | Severity | Description                   | Violations |
+-----------+----------+-------------------------------+------------+
| LUTAR-1   | Warning  | LUT drives async reset alert  | 1          |
| TIMING-18 | Warning  | Missing input or output delay | 1          |
+-----------+----------+-------------------------------+------------+

2. REPORT DETAILS
-----------------
LUTAR-1#1 Warning
LUT drives async reset alert  
LUT cell ZYNQ_i/LED_0/inst/led_r_i_3, with 2 or more inputs, drives asynchronous preset/clear pin(s) ZYNQ_i/LED_0/inst/led_r_reg/CLR, ZYNQ_i/LED_0/inst/time_count_reg[0]/CLR, ZYNQ_i/LED_0/inst/time_count_reg[10]/CLR, ZYNQ_i/LED_0/inst/time_count_reg[11]/CLR, ZYNQ_i/LED_0/inst/time_count_reg[12]/CLR, ZYNQ_i/LED_0/inst/time_count_reg[13]/CLR, ZYNQ_i/LED_0/inst/time_count_reg[14]/CLR, ZYNQ_i/LED_0/inst/time_count_reg[15]/CLR, ZYNQ_i/LED_0/inst/time_count_reg[16]/CLR, ZYNQ_i/LED_0/inst/time_count_reg[17]/CLR, ZYNQ_i/LED_0/inst/time_count_reg[18]/CLR, ZYNQ_i/LED_0/inst/time_count_reg[19]/CLR, ZYNQ_i/LED_0/inst/time_count_reg[1]/CLR, ZYNQ_i/LED_0/inst/time_count_reg[20]/CLR, ZYNQ_i/LED_0/inst/time_count_reg[21]/CLR (the first 15 of 27 listed). The LUT may glitch and trigger an unexpected reset, even if it is a properly timed path.
Related violations: <none>

TIMING-18#1 Warning
Missing input or output delay  
An output delay is missing on led_0 relative to clock(s) clk_fpga_0
Related violations: <none>


