22:47:06 **** Build of configuration Debug for project UART_bsp_xuartps_hello_world_example_2 ****
make pre-build main-build 
a9-linaro-pre-build-step
' '
'Building file: ../src/xuartps_hello_world_example.c'
'Invoking: ARM v7 gcc compiler'
arm-none-eabi-gcc -Wall -O0 -g3 -c -fmessage-length=0 -MT"src/xuartps_hello_world_example.o" -mcpu=cortex-a9 -mfpu=vfpv3 -mfloat-abi=hard -I../../UART_bsp/ps7_cortexa9_0/include -MMD -MP -MF"src/xuartps_hello_world_example.d" -MT"src/xuartps_hello_world_example.o" -o "src/xuartps_hello_world_example.o" "../src/xuartps_hello_world_example.c"
'Finished building: ../src/xuartps_hello_world_example.c'
' '
'Building target: UART_bsp_xuartps_hello_world_example_2.elf'
'Invoking: ARM v7 gcc linker'
arm-none-eabi-gcc -mcpu=cortex-a9 -mfpu=vfpv3 -mfloat-abi=hard -Wl,-build-id=none -specs=Xilinx.spec -Wl,-T -Wl,../src/lscript.ld -L../../UART_bsp/ps7_cortexa9_0/lib -o "UART_bsp_xuartps_hello_world_example_2.elf"  ./src/xuartps_hello_world_example.o   -Wl,--start-group,-lxil,-lgcc,-lc,--end-group
'Finished building target: UART_bsp_xuartps_hello_world_example_2.elf'
' '
'Invoking: ARM v7 Print Size'
arm-none-eabi-size UART_bsp_xuartps_hello_world_example_2.elf  |tee "UART_bsp_xuartps_hello_world_example_2.elf.size"
   text	   data	    bss	    dec	    hex	filename
  31320	   1560	  23336	  56216	   db98	UART_bsp_xuartps_hello_world_example_2.elf
'Finished building: UART_bsp_xuartps_hello_world_example_2.elf.size'
' '

22:47:07 Build Finished (took 1s.421ms)

