#-----------------------------------------------------------
# Vivado v2019.2 (64-bit)
# SW Build 2708876 on Wed Nov  6 21:40:23 MST 2019
# IP Build 2700528 on Thu Nov  7 00:09:20 MST 2019
# Start of session at: Fri Jul 22 17:12:49 2022
# Process ID: 19332
# Current directory: H:/xilinx/lly/LED_run
# Command line: vivado.exe -gui_launcher_event rodinguilauncherevent18120 H:\xilinx\lly\LED_run\LED_run.xpr
# Log file: H:/xilinx/lly/LED_run/vivado.log
# Journal file: H:/xilinx/lly/LED_run\vivado.jou
#-----------------------------------------------------------
start_gui
open_project H:/xilinx/lly/LED_run/LED_run.xpr
update_compile_order -fileset sources_1
synth_design -rtl -name rtl_1
set_property IOSTANDARD LVCMOS33 [get_ports [list CLK]]
set_property IOSTANDARD LVCMOS33 [get_ports [list LED1]]
set_property IOSTANDARD LVCMOS33 [get_ports [list LED2]]
set_property IOSTANDARD LVCMOS33 [get_ports [list LED3]]
set_property IOSTANDARD LVCMOS33 [get_ports [list RSTn]]
place_ports CLK N18
place_ports LED1 H18
place_ports LED2 K17
place_ports LED3 E19
place_ports RSTn U20
file mkdir H:/xilinx/lly/LED_run/LED_run.srcs/constrs_1/new
close [ open H:/xilinx/lly/LED_run/LED_run.srcs/constrs_1/new/LED_run_co.xdc w ]
add_files -fileset constrs_1 H:/xilinx/lly/LED_run/LED_run.srcs/constrs_1/new/LED_run_co.xdc
set_property target_constrs_file H:/xilinx/lly/LED_run/LED_run.srcs/constrs_1/new/LED_run_co.xdc [current_fileset -constrset]
save_constraints -force
open_run synth_1 -name synth_1
reset_run synth_1
launch_runs synth_1 -jobs 4
wait_on_run synth_1
launch_runs impl_1 -jobs 4
wait_on_run impl_1
launch_runs impl_1 -to_step write_bitstream -jobs 4
wait_on_run impl_1
close_design
open_run impl_1
open_hw_manager
connect_hw_server -allow_non_jtag
open_hw_target
set_property PROGRAM.FILE {H:/xilinx/lly/LED_run/LED_run.runs/impl_1/LED_run.bit} [get_hw_devices xc7z010_1]
current_hw_device [get_hw_devices xc7z010_1]
refresh_hw_device -update_hw_probes false [lindex [get_hw_devices xc7z010_1] 0]
set_property PROBES.FILE {} [get_hw_devices xc7z010_1]
set_property FULL_PROBES.FILE {} [get_hw_devices xc7z010_1]
set_property PROGRAM.FILE {H:/xilinx/lly/LED_run/LED_run.runs/impl_1/LED_run.bit} [get_hw_devices xc7z010_1]
program_hw_devices [get_hw_devices xc7z010_1]
refresh_hw_device [lindex [get_hw_devices xc7z010_1] 0]
